
> vinz-portfolio@0.1.0 build
> next build

   ▲ Next.js 15.3.8

   Creating an optimized production build ...
Browserslist: browsers data (caniuse-lite) is 16 months old. Please run:
  npx update-browserslist-db@latest
  Why you should do it regularly: https://github.com/browserslist/update-db#readme
 ✓ Compiled successfully in 17.0s
   Linting and checking validity of types ...

./components/ui/about-me/Globe.tsx
248:6  Warning: React Hook useEffect has missing dependencies: 'gl', 'size.height', and 'size.width'. Either include them or remove the dependency array.  react-hooks/exhaustive-deps

./components/ui/approach/CanvasRevealEffect.tsx
284:6  Warning: React Hook useMemo has a missing dependency: 'getUniforms'. Either include it or remove the dependency array.  react-hooks/exhaustive-deps

./components/ui/clients/InfiniteMovingCards.tsx
31:6  Warning: React Hook useEffect has a missing dependency: 'addAnimation'. Either include it or remove the dependency array.  react-hooks/exhaustive-deps

info  - Need to disable some ESLint rules? Learn more here: https://nextjs.org/docs/app/api-reference/config/eslint#disabling-rules
   Collecting page data ...
unhandledRejection [Error [PageNotFoundError]: Cannot find module for page: /_document] {
  type: 'PageNotFoundError',
  code: 'ENOENT'
}
